// Jest Snapshot v1, https://goo.gl/fbAQLP

exports[`ProductItemFavoritesButton should render 1`] = `<[object Object] />`;
