// Jest Snapshot v1, https://goo.gl/fbAQLP

exports[`AddToCartPicker should render 1`] = `<Connect(AddToCartPicker) />`;
